../Core/Src/main.c:87:5:main	32	static
../Core/Src/main.c:184:6:SystemClock_Config	88	static
../Core/Src/main.c:228:13:MX_I2C1_Init	8	static
../Core/Src/main.c:260:13:MX_I2C2_Init	8	static
../Core/Src/main.c:292:13:MX_GPIO_Init	40	static
../Core/Src/main.c:317:6:BME680_Read	8	static
../Core/Src/main.c:354:6:user_delay_ms	16	static
../Core/Src/main.c:358:8:user_i2c_read	32	static
../Core/Src/main.c:375:8:user_i2c_write	32	static
../Core/Src/main.c:402:6:Error_Handler	4	static,ignoring_inline_asm
