../Core/Src/ssd1306.c:58:6:SSD1306_ScrollRight	16	static
../Core/Src/ssd1306.c:69:6:SSD1306_ScrollLeft	16	static
../Core/Src/ssd1306.c:80:6:SSD1306_Scrolldiagright	16	static
../Core/Src/ssd1306.c:94:6:SSD1306_Scrolldiagleft	16	static
../Core/Src/ssd1306.c:108:6:SSD1306_Stopscroll	8	static
../Core/Src/ssd1306.c:112:6:SSD1306_InvertDisplay	16	static
../Core/Src/ssd1306.c:121:6:SSD1306_DrawBitmap	32	static
../Core/Src/ssd1306.c:141:9:SSD1306_Init	16	static
../Core/Src/ssd1306.c:206:6:SSD1306_UpdateScreen	16	static
../Core/Src/ssd1306.c:220:6:SSD1306_ToggleInvert	16	static
../Core/Src/ssd1306.c:232:6:SSD1306_Fill	16	static
../Core/Src/ssd1306.c:238:6:SSD1306_DrawPixel	16	static
../Core/Src/ssd1306.c:257:6:SSD1306_GotoXY	16	static
../Core/Src/ssd1306.c:263:6:SSD1306_Putc	32	static
../Core/Src/ssd1306.c:295:6:SSD1306_Puts	24	static
../Core/Src/ssd1306.c:312:6:SSD1306_DrawLine	40	static
../Core/Src/ssd1306.c:397:6:SSD1306_DrawRectangle	32	static
../Core/Src/ssd1306.c:420:6:SSD1306_DrawFilledRectangle	40	static
../Core/Src/ssd1306.c:445:6:SSD1306_DrawTriangle	32	static
../Core/Src/ssd1306.c:453:6:SSD1306_DrawFilledTriangle	64	static
../Core/Src/ssd1306.c:510:6:SSD1306_DrawCircle	40	static
../Core/Src/ssd1306.c:544:6:SSD1306_DrawFilledCircle	48	static
../Core/Src/ssd1306.c:576:6:SSD1306_Clear	8	static
../Core/Src/ssd1306.c:580:6:SSD1306_ON	8	static
../Core/Src/ssd1306.c:585:6:SSD1306_OFF	8	static
../Core/Src/ssd1306.c:602:6:ssd1306_I2C_Init	16	static
../Core/Src/ssd1306.c:614:6:ssd1306_I2C_WriteMulti	296	static
../Core/Src/ssd1306.c:624:6:ssd1306_I2C_Write	32	static
